
[1m[46m RUN [49m[22m [36mv4.0.15 [39m[90mC:/Users/morit/Vibe Coding/superdad-app[39m

 [31mÔØ»[39m src/hooks/__tests__/useHabits.test.jsx [2m([22m[2m4 tests[22m[2m | [22m[31m1 failed[39m[2m)[22m[32m 31[2mms[22m[39m
     [32mÔ£ô[39m should initialize with default habits[32m 14[2mms[22m[39m
     [32mÔ£ô[39m should initialize with provided values[32m 3[2mms[22m[39m
     [32mÔ£ô[39m should toggle a habit[32m 5[2mms[22m[39m
[31m     [31m├ù[31m should auto-reset hydration after 2 hours[39m[32m 7[2mms[22m[39m

[2m Test Files [22m [1m[31m1 failed[39m[22m[90m (1)[39m
[2m      Tests [22m [1m[31m1 failed[39m[22m[2m | [22m[1m[32m3 passed[39m[22m[90m (4)[39m
[2m   Start at [22m 11:40:19
[2m   Duration [22m 1.39s[2m (transform 53ms, setup 111ms, import 145ms, tests 31ms, environment 892ms)[22m

